// Jest Snapshot v1, https://goo.gl/fbAQLP

exports[`<PostCard /> should match snapshot 1`] = `
<div
  class="post"
>
  <img
    alt="asTitle"
    src="img/img.png"
  />
  <div
    class="post-content"
  >
    <h2>
      asTitle
       
      1
    </h2>
    <p>
      asBody
    </p>
  </div>
</div>
`;
